qemu_fdt_check_phandle: Couldn't find phandle for /memory: <no error>Invalid MicroBlaze version number: (null)
Ramdisk addr 0x00000000, 
FDT at 0x805c4198
Linux version 4.9.0-xilinx-v2017.4 (lzj@lzj-Ubuntu) (gcc version 6.2.0 (crosstool-NG 1.20.0) ) #2 Wed Nov 7 15:32:00 EST 2018
setup_cpuinfo: initialising
setup_cpuinfo: No PVR support. Using static CPU info from FDT
wt_msr_noirq
setup_memory: max_mapnr: 0x20000
setup_memory: min_low_pfn: 0x80000
setup_memory: max_low_pfn: 0xa0000
setup_memory: max_pfn: 0xa0000
Zone ranges:
  DMA      [mem 0x0000000080000000-0x000000009fffffff]
  Normal   empty
  HighMem  empty
Movable zone start for each node
Early memory node ranges
  node   0: [mem 0x0000000080000000-0x000000009fffffff]
Initmem setup node 0 [mem 0x0000000080000000-0x000000009fffffff]
On node 0 totalpages: 131072
free_area_init_node: node 0, pgdat c050a13c, node_mem_map c0800000
  DMA zone: 1024 pages used for memmap
  DMA zone: 0 pages reserved
  DMA zone: 131072 pages, LIFO batch:31
pcpu-alloc: s0 r0 d32768 u32768 alloc=1*32768
pcpu-alloc: [0] 0 
Built 1 zonelists in Zone order, mobility grouping on.  Total pages: 130048
Kernel command line: console=ttyUL0,115200 earlyprintk
PID hash table entries: 2048 (order: 1, 8192 bytes)
Dentry cache hash table entries: 65536 (order: 6, 262144 bytes)
Inode-cache hash table entries: 32768 (order: 5, 131072 bytes)
Memory: 513316K/524288K available (3873K kernel code, 137K rwdata, 1112K rodata, 149K init, 576K bss, 10972K reserved, 0K cma-reserved, 0K highmem)
Kernel virtual memory layout:
  * 0xfffea000..0xfffff000  : fixmap
  * 0xff800000..0xffc00000  : highmem PTEs
  * 0xff800000..0xff800000  : early ioremap
  * 0xf0000000..0xff800000  : vmalloc & ioremap
NR_IRQS:33
/amba_pl/interrupt-controller@41200000: num_irq=6, edge=0x22
/amba_pl/timer@41c00000: irq=1
clocksource: xilinx_clocksource: mask: 0xffffffff max_cycles: 0xffffffff, max_idle_ns: 19112604467 ns
xilinx_timer_shutdown
xilinx_timer_set_periodic
sched_clock: 32 bits at 100MHz, resolution 10ns, wraps every 21474836475ns
Calibrating delay loop... 317.03 BogoMIPS (lpj=1585152)
pid_max: default: 4096 minimum: 301
Mount-cache hash table entries: 1024 (order: 0, 4096 bytes)
Mountpoint-cache hash table entries: 1024 (order: 0, 4096 bytes)
devtmpfs: initialized
clocksource: jiffies: mask: 0xffffffff max_cycles: 0xffffffff, max_idle_ns: 19112604462750000 ns
NET: Registered protocol family 16
PCI: Probing PCI hardware
vgaarb: loaded
clocksource: Switched to clocksource xilinx_clocksource
NET: Registered protocol family 2
TCP established hash table entries: 4096 (order: 2, 16384 bytes)
TCP bind hash table entries: 4096 (order: 4, 81920 bytes)
TCP: Hash tables configured (established 4096 bind 4096)
UDP hash table entries: 256 (order: 1, 12288 bytes)
UDP-Lite hash table entries: 256 (order: 1, 12288 bytes)
NET: Registered protocol family 1
RPC: Registered named UNIX socket transport module.
RPC: Registered udp transport module.
RPC: Registered tcp transport module.
RPC: Registered tcp NFSv4.1 backchannel transport module.
PCI: CLS 0 bytes, default 32
Skipping unavailable RESET gpio -2 (reset)
futex hash table entries: 16 (order: -4, 448 bytes)
audit: initializing netlink subsys (disabled)
audit: type=2000 audit(0.220:1): initialized
workingset: timestamp_bits=30 max_order=17 bucket_order=0
romfs: ROMFS MTD (C) 2007 Red Hat, Inc.
io scheduler noop registered
io scheduler deadline registered
io scheduler cfq registered (default)
Serial: 8250/16550 driver, 4 ports, IRQ sharing disabled
40600000.serial: ttyUL0 at MMIO 0x40600000 (irq = 6, base_baud = 0) is a uartlite
console [ttyUL0] enabled
brd: module loaded
m25p80 spi0.0: SPI transfer timed out
m25p80 spi0.0: error -110 reading 9f
m25p80: probe of spi0.0 failed with error -110
libphy: Fixed MDIO Bus: probed
xilinx_axienet 40c00000.ethernet: TX_CSUM 0
xilinx_axienet 40c00000.ethernet: RX_CSUM 0
NET: Registered protocol family 17
Key type encrypted registered
VFS: Cannot open root device "(null)" or unknown-block(0,0): error -6
Please append a correct "root=" boot option; here are the available partitions:
0100            8192 ram0  (driver?)
0101            8192 ram1  (driver?)
0102            8192 ram2  (driver?)
0103            8192 ram3  (driver?)
0104            8192 ram4  (driver?)
0105            8192 ram5  (driver?)
0106            8192 ram6  (driver?)
0107            8192 ram7  (driver?)
0108            8192 ram8  (driver?)
0109            8192 ram9  (driver?)
010a            8192 ram10  (driver?)
010b            8192 ram11  (driver?)
010c            8192 ram12  (driver?)
010d            8192 ram13  (driver?)
010e            8192 ram14  (driver?)
010f            8192 ram15  (driver?)
Kernel panic - not syncing: VFS: Unable to mount root fs on unknown-block(0,0)
---[ end Kernel panic - not syncing: VFS: Unable to mount root fs on unknown-block(0,0)
random: fast init done
